[2026-01-31 21:43:47,438] INFO in logging_config: Logging system initialized
[2026-01-31 21:45:42,832] INFO in logging_config: Logging system initialized
[2026-01-31 21:46:04,035] INFO in logging_config: Logging system initialized
[2026-01-31 21:46:33,247] INFO in logging_config: Logging system initialized
[2026-01-31 21:47:27,555] INFO in logging_config: Logging system initialized
[2026-01-31 21:47:40,130] INFO in logging_config: Logging system initialized
[2026-01-31 21:48:12,187] INFO in logging_config: Logging system initialized
[2026-01-31 21:48:12,266] INFO in scheduler: Background scheduler initialized
[2026-01-31 21:49:27,736] INFO in logging_config: Logging system initialized
[2026-01-31 21:49:27,796] INFO in scheduler: Background scheduler initialized
[2026-01-31 21:49:28,809] INFO in logging_config: Logging system initialized
[2026-01-31 21:49:28,860] INFO in scheduler: Background scheduler initialized
[2026-01-31 21:50:13,840] INFO in logging_config: Logging system initialized
[2026-01-31 21:50:13,887] INFO in scheduler: Background scheduler initialized
[2026-01-31 21:51:02,580] INFO in logging_config: Logging system initialized
[2026-01-31 21:51:02,630] INFO in scheduler: Background scheduler initialized
[2026-01-31 21:51:03,443] INFO in logging_config: Logging system initialized
[2026-01-31 21:51:03,489] INFO in scheduler: Background scheduler initialized
[2026-01-31 21:54:40,374] INFO in logging_config: Logging system initialized
[2026-01-31 21:54:40,417] INFO in scheduler: Background scheduler initialized
[2026-01-31 21:54:45,826] INFO in logging_config: Logging system initialized
[2026-01-31 21:54:45,883] INFO in scheduler: Background scheduler initialized
[2026-01-31 21:56:52,864] INFO in logging_config: Logging system initialized
[2026-01-31 21:56:52,909] INFO in scheduler: Background scheduler initialized
[2026-01-31 21:56:53,754] INFO in logging_config: Logging system initialized
[2026-01-31 21:56:53,802] INFO in scheduler: Background scheduler initialized
[2026-01-31 21:57:25,622] INFO in auth: Successful login: admin@votingsystem.com
[2026-01-31 21:59:25,852] INFO in admin: Voter added by admin: arslansdk0@gmail.com, CNIC: 3130450147721
[2026-01-31 22:01:06,226] INFO in admin: Election created: Student Counsil President with 2 eligible voters
[2026-01-31 22:10:06,730] INFO in logging_config: Logging system initialized
[2026-01-31 22:10:06,803] INFO in scheduler: Background scheduler initialized
[2026-01-31 22:11:37,304] INFO in logging_config: Logging system initialized
[2026-01-31 22:11:37,352] INFO in scheduler: Background scheduler initialized
[2026-01-31 22:11:38,250] INFO in logging_config: Logging system initialized
[2026-01-31 22:11:38,303] INFO in scheduler: Background scheduler initialized
[2026-01-31 22:19:18,845] INFO in logging_config: Logging system initialized
[2026-01-31 22:19:18,901] INFO in scheduler: Background scheduler initialized
[2026-01-31 22:20:13,786] INFO in logging_config: Logging system initialized
[2026-01-31 22:20:13,846] INFO in scheduler: Background scheduler initialized
[2026-01-31 22:21:03,513] INFO in logging_config: Logging system initialized
[2026-01-31 22:21:03,566] INFO in scheduler: Background scheduler initialized
[2026-01-31 22:21:57,635] INFO in admin: Election created: srt with 1 eligible voters
[2026-01-31 22:31:03,133] INFO in admin: Election created: dddd with 1 eligible voters
[2026-01-31 22:33:34,246] INFO in voter: Candidate application submitted - User: 3, Election: 3
[2026-01-31 22:34:07,592] INFO in admin: Application approved: 1 by admin 1
[2026-01-31 22:39:38,615] INFO in logging_config: Logging system initialized
[2026-01-31 22:39:38,672] INFO in scheduler: Background scheduler initialized
[2026-01-31 22:42:49,737] INFO in logging_config: Logging system initialized
[2026-01-31 22:42:49,793] INFO in scheduler: Background scheduler initialized
[2026-01-31 22:42:50,707] INFO in logging_config: Logging system initialized
[2026-01-31 22:42:50,753] INFO in scheduler: Background scheduler initialized
[2026-01-31 22:44:42,427] INFO in voter: Vote recorded - User: 3, Election: 3, Candidate: 1, IP: 127.0.0.1
[2026-01-31 22:50:31,198] INFO in logging_config: Logging system initialized
[2026-01-31 22:50:31,276] INFO in scheduler: Background scheduler initialized
[2026-01-31 22:52:01,228] INFO in logging_config: Logging system initialized
[2026-01-31 22:52:01,289] INFO in scheduler: Background scheduler initialized
[2026-01-31 23:00:04,631] INFO in logging_config: Logging system initialized
[2026-01-31 23:00:04,717] INFO in scheduler: Background scheduler initialized
[2026-01-31 23:00:56,184] INFO in logging_config: Logging system initialized
[2026-01-31 23:00:56,246] INFO in scheduler: Background scheduler initialized
[2026-01-31 23:03:48,148] INFO in logging_config: Logging system initialized
[2026-01-31 23:03:48,205] INFO in scheduler: Background scheduler initialized
[2026-01-31 23:12:20,333] INFO in logging_config: Logging system initialized
[2026-01-31 23:12:20,388] INFO in scheduler: Background scheduler initialized
[2026-01-31 23:38:54,170] INFO in logging_config: Logging system initialized
[2026-01-31 23:38:54,226] INFO in scheduler: Background scheduler initialized
[2026-01-31 23:38:55,640] INFO in logging_config: Logging system initialized
[2026-01-31 23:38:55,699] INFO in scheduler: Background scheduler initialized
[2026-01-31 23:46:04,621] INFO in logging_config: Logging system initialized
[2026-01-31 23:46:04,686] INFO in scheduler: Background scheduler initialized
[2026-01-31 23:46:39,164] INFO in logging_config: Logging system initialized
[2026-01-31 23:46:39,222] INFO in scheduler: Background scheduler initialized
[2026-01-31 23:46:40,961] INFO in logging_config: Logging system initialized
[2026-01-31 23:46:41,017] INFO in scheduler: Background scheduler initialized
[2026-01-31 23:52:56,524] INFO in logging_config: Logging system initialized
[2026-01-31 23:52:56,580] INFO in scheduler: Background scheduler initialized
[2026-01-31 23:53:45,049] INFO in logging_config: Logging system initialized
[2026-01-31 23:53:45,105] INFO in scheduler: Background scheduler initialized
[2026-01-31 23:53:46,615] INFO in logging_config: Logging system initialized
[2026-01-31 23:53:46,683] INFO in scheduler: Background scheduler initialized
[2026-01-31 23:55:21,129] INFO in logging_config: Logging system initialized
[2026-01-31 23:55:21,191] INFO in scheduler: Background scheduler initialized
[2026-01-31 23:55:22,246] INFO in logging_config: Logging system initialized
[2026-01-31 23:55:22,315] INFO in scheduler: Background scheduler initialized
[2026-01-31 23:59:15,951] INFO in logging_config: Logging system initialized
[2026-01-31 23:59:16,006] INFO in scheduler: Background scheduler initialized
[2026-01-31 23:59:17,018] INFO in logging_config: Logging system initialized
[2026-01-31 23:59:17,070] INFO in scheduler: Background scheduler initialized
[2026-02-01 00:00:36,998] INFO in logging_config: Logging system initialized
[2026-02-01 00:00:37,064] INFO in scheduler: Background scheduler initialized
[2026-02-01 00:00:38,392] INFO in logging_config: Logging system initialized
[2026-02-01 00:00:38,442] INFO in scheduler: Background scheduler initialized
[2026-02-01 00:01:31,259] INFO in logging_config: Logging system initialized
[2026-02-01 00:01:31,312] INFO in scheduler: Background scheduler initialized
[2026-02-01 00:01:32,181] INFO in logging_config: Logging system initialized
[2026-02-01 00:01:32,228] INFO in scheduler: Background scheduler initialized
[2026-02-01 00:03:54,266] INFO in logging_config: Logging system initialized
[2026-02-01 00:03:54,723] INFO in scheduler: Background scheduler initialized
[2026-02-01 00:03:55,586] INFO in logging_config: Logging system initialized
[2026-02-01 00:03:55,634] INFO in scheduler: Background scheduler initialized
[2026-02-01 00:04:48,556] INFO in logging_config: Logging system initialized
[2026-02-01 00:04:48,648] INFO in scheduler: Background scheduler initialized
[2026-02-01 00:04:48,678] INFO in logging_config: Logging system initialized
[2026-02-01 00:04:48,775] INFO in scheduler: Background scheduler initialized
[2026-02-01 00:04:50,221] INFO in logging_config: Logging system initialized
[2026-02-01 00:04:50,337] INFO in scheduler: Background scheduler initialized
[2026-02-01 00:04:50,361] INFO in logging_config: Logging system initialized
[2026-02-01 00:04:50,463] INFO in scheduler: Background scheduler initialized
[2026-02-01 00:11:07,213] INFO in logging_config: Logging system initialized
[2026-02-01 00:11:07,304] INFO in scheduler: Background scheduler initialized
[2026-02-01 00:11:09,147] INFO in logging_config: Logging system initialized
[2026-02-01 00:11:09,235] INFO in scheduler: Background scheduler initialized
